mode: set
digital.vasic.translator/pkg/distributed/coordinator.go:57.27,71.2 1 1
digital.vasic.translator/pkg/distributed/coordinator.go:74.86,84.48 6 1
digital.vasic.translator/pkg/distributed/coordinator.go:84.48,87.17 2 1
digital.vasic.translator/pkg/distributed/coordinator.go:87.17,89.12 2 0
digital.vasic.translator/pkg/distributed/coordinator.go:93.3,93.43 1 1
digital.vasic.translator/pkg/distributed/coordinator.go:93.43,99.77 3 1
digital.vasic.translator/pkg/distributed/coordinator.go:99.77,100.49 1 1
digital.vasic.translator/pkg/distributed/coordinator.go:100.49,102.6 1 1
digital.vasic.translator/pkg/distributed/coordinator.go:106.4,108.39 2 1
digital.vasic.translator/pkg/distributed/coordinator.go:108.39,121.5 3 1
digital.vasic.translator/pkg/distributed/coordinator.go:125.2,135.12 2 1
digital.vasic.translator/pkg/distributed/coordinator.go:139.144,143.16 3 1
digital.vasic.translator/pkg/distributed/coordinator.go:143.16,145.3 1 1
digital.vasic.translator/pkg/distributed/coordinator.go:148.2,149.25 2 1
digital.vasic.translator/pkg/distributed/coordinator.go:149.25,151.3 1 1
digital.vasic.translator/pkg/distributed/coordinator.go:154.2,167.16 5 1
digital.vasic.translator/pkg/distributed/coordinator.go:167.16,169.45 1 1
digital.vasic.translator/pkg/distributed/coordinator.go:169.45,171.4 1 1
digital.vasic.translator/pkg/distributed/coordinator.go:172.3,172.18 1 1
digital.vasic.translator/pkg/distributed/coordinator.go:174.2,178.16 3 1
digital.vasic.translator/pkg/distributed/coordinator.go:178.16,180.45 1 0
digital.vasic.translator/pkg/distributed/coordinator.go:180.45,182.4 1 0
digital.vasic.translator/pkg/distributed/coordinator.go:183.3,183.18 1 0
digital.vasic.translator/pkg/distributed/coordinator.go:187.2,187.44 1 1
digital.vasic.translator/pkg/distributed/coordinator.go:187.44,189.3 1 1
digital.vasic.translator/pkg/distributed/coordinator.go:191.2,191.38 1 1
digital.vasic.translator/pkg/distributed/coordinator.go:191.38,193.3 1 1
digital.vasic.translator/pkg/distributed/coordinator.go:195.2,196.56 2 1
digital.vasic.translator/pkg/distributed/coordinator.go:196.56,198.3 1 0
digital.vasic.translator/pkg/distributed/coordinator.go:200.2,203.68 2 1
digital.vasic.translator/pkg/distributed/coordinator.go:203.68,205.38 1 1
digital.vasic.translator/pkg/distributed/coordinator.go:205.38,206.60 1 1
digital.vasic.translator/pkg/distributed/coordinator.go:206.60,207.53 1 1
digital.vasic.translator/pkg/distributed/coordinator.go:207.53,209.6 1 1
digital.vasic.translator/pkg/distributed/coordinator.go:212.8,212.83 1 1
digital.vasic.translator/pkg/distributed/coordinator.go:212.83,214.46 1 1
digital.vasic.translator/pkg/distributed/coordinator.go:214.46,215.60 1 1
digital.vasic.translator/pkg/distributed/coordinator.go:215.60,217.5 1 1
digital.vasic.translator/pkg/distributed/coordinator.go:221.2,221.23 1 1
digital.vasic.translator/pkg/distributed/coordinator.go:225.79,226.18 1 1
digital.vasic.translator/pkg/distributed/coordinator.go:227.50,228.12 1 1
digital.vasic.translator/pkg/distributed/coordinator.go:229.28,230.11 1 1
digital.vasic.translator/pkg/distributed/coordinator.go:231.10,232.11 1 1
digital.vasic.translator/pkg/distributed/coordinator.go:237.100,240.9 2 1
digital.vasic.translator/pkg/distributed/coordinator.go:241.22,242.16 1 1
digital.vasic.translator/pkg/distributed/coordinator.go:243.21,244.16 1 1
digital.vasic.translator/pkg/distributed/coordinator.go:245.10,246.16 1 1
digital.vasic.translator/pkg/distributed/coordinator.go:250.2,250.31 1 1
digital.vasic.translator/pkg/distributed/coordinator.go:250.31,252.3 1 1
digital.vasic.translator/pkg/distributed/coordinator.go:254.2,254.18 1 1
digital.vasic.translator/pkg/distributed/coordinator.go:262.19,271.27 3 1
digital.vasic.translator/pkg/distributed/coordinator.go:271.27,273.19 2 1
digital.vasic.translator/pkg/distributed/coordinator.go:273.19,275.6 1 1
digital.vasic.translator/pkg/distributed/coordinator.go:276.5,279.15 4 0
digital.vasic.translator/pkg/distributed/coordinator.go:285.27,296.19 3 1
digital.vasic.translator/pkg/distributed/coordinator.go:296.19,301.20 4 1
digital.vasic.translator/pkg/distributed/coordinator.go:301.20,303.7 1 1
digital.vasic.translator/pkg/distributed/coordinator.go:306.5,307.19 2 0
digital.vasic.translator/pkg/distributed/coordinator.go:307.19,309.6 1 0
digital.vasic.translator/pkg/distributed/coordinator.go:311.5,314.15 4 0
digital.vasic.translator/pkg/distributed/coordinator.go:320.27,351.32 4 1
digital.vasic.translator/pkg/distributed/coordinator.go:351.32,352.67 1 1
digital.vasic.translator/pkg/distributed/coordinator.go:352.67,354.7 1 1
digital.vasic.translator/pkg/distributed/coordinator.go:354.12,357.7 1 1
digital.vasic.translator/pkg/distributed/coordinator.go:360.5,365.15 5 1
digital.vasic.translator/pkg/distributed/coordinator.go:372.2,373.79 2 1
digital.vasic.translator/pkg/distributed/coordinator.go:373.79,375.17 2 1
digital.vasic.translator/pkg/distributed/coordinator.go:375.17,377.4 1 1
digital.vasic.translator/pkg/distributed/coordinator.go:378.3,381.13 4 0
digital.vasic.translator/pkg/distributed/coordinator.go:384.2,388.16 4 1
digital.vasic.translator/pkg/distributed/coordinator.go:388.16,390.3 1 0
digital.vasic.translator/pkg/distributed/coordinator.go:392.2,392.25 1 1
digital.vasic.translator/pkg/distributed/coordinator.go:400.19,402.34 1 1
digital.vasic.translator/pkg/distributed/coordinator.go:402.34,404.3 1 1
digital.vasic.translator/pkg/distributed/coordinator.go:406.2,409.79 3 1
digital.vasic.translator/pkg/distributed/coordinator.go:409.79,411.22 2 1
digital.vasic.translator/pkg/distributed/coordinator.go:411.22,412.9 1 0
digital.vasic.translator/pkg/distributed/coordinator.go:415.3,415.34 1 1
digital.vasic.translator/pkg/distributed/coordinator.go:415.34,416.12 1 1
digital.vasic.translator/pkg/distributed/coordinator.go:419.3,422.74 2 1
digital.vasic.translator/pkg/distributed/coordinator.go:422.74,424.12 2 1
digital.vasic.translator/pkg/distributed/coordinator.go:427.3,440.33 3 1
digital.vasic.translator/pkg/distributed/coordinator.go:440.33,452.4 3 0
digital.vasic.translator/pkg/distributed/coordinator.go:454.3,455.95 2 1
digital.vasic.translator/pkg/distributed/coordinator.go:458.2,458.95 1 1
digital.vasic.translator/pkg/distributed/coordinator.go:462.101,463.30 1 1
digital.vasic.translator/pkg/distributed/coordinator.go:463.30,466.3 1 1
digital.vasic.translator/pkg/distributed/coordinator.go:469.2,471.13 3 1
digital.vasic.translator/pkg/distributed/coordinator.go:471.13,473.3 1 1
digital.vasic.translator/pkg/distributed/coordinator.go:476.2,476.62 1 0
digital.vasic.translator/pkg/distributed/coordinator.go:480.78,484.34 3 1
digital.vasic.translator/pkg/distributed/coordinator.go:484.34,486.3 1 1
digital.vasic.translator/pkg/distributed/coordinator.go:489.2,492.17 3 1
digital.vasic.translator/pkg/distributed/coordinator.go:501.19,505.13 3 1
digital.vasic.translator/pkg/distributed/coordinator.go:505.13,507.3 1 1
digital.vasic.translator/pkg/distributed/coordinator.go:510.2,520.16 4 1
digital.vasic.translator/pkg/distributed/coordinator.go:520.16,522.3 1 0
digital.vasic.translator/pkg/distributed/coordinator.go:524.2,525.16 2 1
digital.vasic.translator/pkg/distributed/coordinator.go:525.16,527.3 1 0
digital.vasic.translator/pkg/distributed/coordinator.go:529.2,533.25 3 1
digital.vasic.translator/pkg/distributed/coordinator.go:533.25,535.3 1 1
digital.vasic.translator/pkg/distributed/coordinator.go:538.2,551.16 5 1
digital.vasic.translator/pkg/distributed/coordinator.go:551.16,553.45 1 0
digital.vasic.translator/pkg/distributed/coordinator.go:553.45,555.4 1 0
digital.vasic.translator/pkg/distributed/coordinator.go:556.3,556.63 1 0
digital.vasic.translator/pkg/distributed/coordinator.go:558.2,562.16 3 1
digital.vasic.translator/pkg/distributed/coordinator.go:562.16,564.45 1 0
digital.vasic.translator/pkg/distributed/coordinator.go:564.45,566.4 1 0
digital.vasic.translator/pkg/distributed/coordinator.go:567.3,567.60 1 0
digital.vasic.translator/pkg/distributed/coordinator.go:571.2,571.44 1 1
digital.vasic.translator/pkg/distributed/coordinator.go:571.44,573.3 1 1
digital.vasic.translator/pkg/distributed/coordinator.go:575.2,575.38 1 1
digital.vasic.translator/pkg/distributed/coordinator.go:575.38,577.3 1 1
digital.vasic.translator/pkg/distributed/coordinator.go:580.2,581.56 2 1
digital.vasic.translator/pkg/distributed/coordinator.go:581.56,583.3 1 0
digital.vasic.translator/pkg/distributed/coordinator.go:586.2,587.9 2 1
digital.vasic.translator/pkg/distributed/coordinator.go:587.9,589.3 1 1
digital.vasic.translator/pkg/distributed/coordinator.go:591.2,591.24 1 1
digital.vasic.translator/pkg/distributed/coordinator.go:595.64,599.2 3 1
digital.vasic.translator/pkg/distributed/coordinator.go:602.65,603.24 1 1
digital.vasic.translator/pkg/distributed/coordinator.go:603.24,605.3 1 1
digital.vasic.translator/pkg/distributed/coordinator.go:609.63,610.24 1 1
digital.vasic.translator/pkg/distributed/coordinator.go:610.24,616.3 1 1
digital.vasic.translator/pkg/distributed/fallback.go:46.46,66.2 1 1
digital.vasic.translator/pkg/distributed/fallback.go:103.147,116.55 2 1
digital.vasic.translator/pkg/distributed/fallback.go:116.55,119.3 2 1
digital.vasic.translator/pkg/distributed/fallback.go:121.2,121.11 1 1
digital.vasic.translator/pkg/distributed/fallback.go:125.150,132.16 4 1
digital.vasic.translator/pkg/distributed/fallback.go:132.16,135.3 2 1
digital.vasic.translator/pkg/distributed/fallback.go:137.2,140.37 2 1
digital.vasic.translator/pkg/distributed/fallback.go:140.37,141.41 1 1
digital.vasic.translator/pkg/distributed/fallback.go:141.41,149.26 3 1
digital.vasic.translator/pkg/distributed/fallback.go:149.26,161.5 2 1
digital.vasic.translator/pkg/distributed/fallback.go:163.4,167.6 1 1
digital.vasic.translator/pkg/distributed/fallback.go:172.2,183.87 2 1
digital.vasic.translator/pkg/distributed/fallback.go:194.98,197.63 2 1
digital.vasic.translator/pkg/distributed/fallback.go:197.63,199.10 1 1
digital.vasic.translator/pkg/distributed/fallback.go:200.21,201.20 1 1
digital.vasic.translator/pkg/distributed/fallback.go:202.11,202.11 0 1
digital.vasic.translator/pkg/distributed/fallback.go:206.3,209.13 3 1
digital.vasic.translator/pkg/distributed/fallback.go:209.13,211.4 1 1
digital.vasic.translator/pkg/distributed/fallback.go:213.3,213.10 1 1
digital.vasic.translator/pkg/distributed/fallback.go:214.22,216.18 2 1
digital.vasic.translator/pkg/distributed/fallback.go:216.18,218.5 1 1
digital.vasic.translator/pkg/distributed/fallback.go:219.4,219.17 1 1
digital.vasic.translator/pkg/distributed/fallback.go:221.23,223.25 2 0
digital.vasic.translator/pkg/distributed/fallback.go:227.3,227.23 1 1
digital.vasic.translator/pkg/distributed/fallback.go:227.23,229.4 1 0
digital.vasic.translator/pkg/distributed/fallback.go:232.3,232.37 1 1
digital.vasic.translator/pkg/distributed/fallback.go:232.37,234.11 2 1
digital.vasic.translator/pkg/distributed/fallback.go:235.29,235.29 0 1
digital.vasic.translator/pkg/distributed/fallback.go:236.22,237.21 1 1
digital.vasic.translator/pkg/distributed/fallback.go:242.2,242.16 1 1
digital.vasic.translator/pkg/distributed/fallback.go:246.72,250.17 2 1
digital.vasic.translator/pkg/distributed/fallback.go:250.17,252.34 2 1
digital.vasic.translator/pkg/distributed/fallback.go:252.34,254.4 1 1
digital.vasic.translator/pkg/distributed/fallback.go:255.3,255.62 1 1
digital.vasic.translator/pkg/distributed/fallback.go:259.2,259.39 1 1
digital.vasic.translator/pkg/distributed/fallback.go:259.39,261.3 1 1
digital.vasic.translator/pkg/distributed/fallback.go:264.2,264.27 1 1
digital.vasic.translator/pkg/distributed/fallback.go:264.27,266.3 1 1
digital.vasic.translator/pkg/distributed/fallback.go:268.2,268.14 1 1
digital.vasic.translator/pkg/distributed/fallback.go:272.82,277.21 3 1
digital.vasic.translator/pkg/distributed/fallback.go:277.21,279.3 1 1
digital.vasic.translator/pkg/distributed/fallback.go:282.2,282.23 1 1
digital.vasic.translator/pkg/distributed/fallback.go:283.24,284.39 1 1
digital.vasic.translator/pkg/distributed/fallback.go:285.25,286.40 1 1
digital.vasic.translator/pkg/distributed/fallback.go:287.26,288.41 1 1
digital.vasic.translator/pkg/distributed/fallback.go:289.10,290.14 1 1
digital.vasic.translator/pkg/distributed/fallback.go:295.62,301.13 4 1
digital.vasic.translator/pkg/distributed/fallback.go:301.13,307.3 2 1
digital.vasic.translator/pkg/distributed/fallback.go:309.2,315.13 5 1
digital.vasic.translator/pkg/distributed/fallback.go:315.13,320.3 2 1
digital.vasic.translator/pkg/distributed/fallback.go:322.2,325.80 4 1
digital.vasic.translator/pkg/distributed/fallback.go:325.80,327.3 1 1
digital.vasic.translator/pkg/distributed/fallback.go:328.2,328.29 1 1
digital.vasic.translator/pkg/distributed/fallback.go:332.73,338.13 4 1
digital.vasic.translator/pkg/distributed/fallback.go:338.13,344.3 2 1
digital.vasic.translator/pkg/distributed/fallback.go:346.2,354.13 7 1
digital.vasic.translator/pkg/distributed/fallback.go:354.13,359.3 2 1
digital.vasic.translator/pkg/distributed/fallback.go:361.2,368.110 6 1
digital.vasic.translator/pkg/distributed/fallback.go:368.110,370.3 1 1
digital.vasic.translator/pkg/distributed/fallback.go:373.2,373.45 1 1
digital.vasic.translator/pkg/distributed/fallback.go:373.45,375.3 1 1
digital.vasic.translator/pkg/distributed/fallback.go:379.71,381.43 2 1
digital.vasic.translator/pkg/distributed/fallback.go:381.43,383.3 1 1
digital.vasic.translator/pkg/distributed/fallback.go:385.2,389.71 3 1
digital.vasic.translator/pkg/distributed/fallback.go:389.71,394.3 4 1
digital.vasic.translator/pkg/distributed/fallback.go:396.2,396.67 1 1
digital.vasic.translator/pkg/distributed/fallback.go:400.87,418.2 3 1
digital.vasic.translator/pkg/distributed/fallback.go:421.47,431.2 3 1
digital.vasic.translator/pkg/distributed/fallback.go:434.90,446.2 1 1
digital.vasic.translator/pkg/distributed/fallback.go:449.46,453.6 3 1
digital.vasic.translator/pkg/distributed/fallback.go:453.6,454.10 1 1
digital.vasic.translator/pkg/distributed/fallback.go:455.19,459.23 2 1
digital.vasic.translator/pkg/distributed/fallback.go:459.23,461.47 2 1
digital.vasic.translator/pkg/distributed/fallback.go:461.47,462.74 1 1
digital.vasic.translator/pkg/distributed/fallback.go:462.74,464.12 2 1
digital.vasic.translator/pkg/distributed/fallback.go:468.5,468.19 1 1
digital.vasic.translator/pkg/distributed/fallback.go:468.19,470.6 1 0
digital.vasic.translator/pkg/distributed/fallback.go:473.4,473.18 1 1
digital.vasic.translator/pkg/distributed/fallback.go:479.46,483.6 3 1
digital.vasic.translator/pkg/distributed/fallback.go:483.6,484.10 1 1
digital.vasic.translator/pkg/distributed/fallback.go:485.19,489.55 3 1
digital.vasic.translator/pkg/distributed/fallback.go:489.55,493.86 2 1
digital.vasic.translator/pkg/distributed/fallback.go:493.86,500.6 3 1
digital.vasic.translator/pkg/distributed/fallback.go:502.5,502.24 1 1
digital.vasic.translator/pkg/distributed/fallback.go:505.4,505.18 1 1
digital.vasic.translator/pkg/distributed/fallback.go:511.84,524.2 2 1
digital.vasic.translator/pkg/distributed/fallback.go:527.63,533.53 4 1
digital.vasic.translator/pkg/distributed/fallback.go:533.53,536.32 3 1
digital.vasic.translator/pkg/distributed/fallback.go:536.32,538.4 1 1
digital.vasic.translator/pkg/distributed/fallback.go:539.3,543.29 4 1
digital.vasic.translator/pkg/distributed/fallback.go:543.29,547.4 3 1
digital.vasic.translator/pkg/distributed/fallback.go:549.3,554.4 1 1
digital.vasic.translator/pkg/distributed/fallback.go:557.2,560.3 1 1
digital.vasic.translator/pkg/distributed/fallback.go:564.58,565.24 1 1
digital.vasic.translator/pkg/distributed/fallback.go:565.24,567.3 1 1
digital.vasic.translator/pkg/distributed/manager.go:18.78,20.2 1 0
digital.vasic.translator/pkg/distributed/manager.go:22.77,24.2 1 1
digital.vasic.translator/pkg/distributed/manager.go:26.77,28.2 1 1
digital.vasic.translator/pkg/distributed/manager.go:30.78,32.2 1 0
digital.vasic.translator/pkg/distributed/manager.go:34.78,36.2 1 0
digital.vasic.translator/pkg/distributed/manager.go:52.141,76.2 7 1
digital.vasic.translator/pkg/distributed/manager.go:79.78,83.20 3 1
digital.vasic.translator/pkg/distributed/manager.go:83.20,85.3 1 1
digital.vasic.translator/pkg/distributed/manager.go:88.2,91.65 2 1
digital.vasic.translator/pkg/distributed/manager.go:91.65,113.3 3 0
digital.vasic.translator/pkg/distributed/manager.go:115.2,126.12 3 1
digital.vasic.translator/pkg/distributed/manager.go:130.81,132.21 2 1
digital.vasic.translator/pkg/distributed/manager.go:132.21,135.3 2 1
digital.vasic.translator/pkg/distributed/manager.go:136.2,141.32 4 1
digital.vasic.translator/pkg/distributed/manager.go:141.32,142.65 1 0
digital.vasic.translator/pkg/distributed/manager.go:142.65,144.12 2 0
digital.vasic.translator/pkg/distributed/manager.go:146.3,146.17 1 0
digital.vasic.translator/pkg/distributed/manager.go:150.2,150.73 1 1
digital.vasic.translator/pkg/distributed/manager.go:150.73,152.3 1 0
digital.vasic.translator/pkg/distributed/manager.go:154.2,165.12 2 1
digital.vasic.translator/pkg/distributed/manager.go:169.97,172.16 2 0
digital.vasic.translator/pkg/distributed/manager.go:172.16,174.3 1 0
digital.vasic.translator/pkg/distributed/manager.go:177.2,177.61 1 0
digital.vasic.translator/pkg/distributed/manager.go:177.61,179.3 1 0
digital.vasic.translator/pkg/distributed/manager.go:182.2,182.68 1 0
digital.vasic.translator/pkg/distributed/manager.go:182.68,184.3 1 0
digital.vasic.translator/pkg/distributed/manager.go:186.2,199.12 2 0
digital.vasic.translator/pkg/distributed/manager.go:203.102,206.16 2 0
digital.vasic.translator/pkg/distributed/manager.go:206.16,208.3 1 0
digital.vasic.translator/pkg/distributed/manager.go:210.2,210.15 1 0
digital.vasic.translator/pkg/distributed/manager.go:210.15,215.70 2 0
digital.vasic.translator/pkg/distributed/manager.go:215.70,217.4 1 0
digital.vasic.translator/pkg/distributed/manager.go:219.3,227.5 1 0
digital.vasic.translator/pkg/distributed/manager.go:230.2,230.12 1 0
digital.vasic.translator/pkg/distributed/manager.go:238.19,241.21 2 1
digital.vasic.translator/pkg/distributed/manager.go:241.21,244.3 2 1
digital.vasic.translator/pkg/distributed/manager.go:245.2,247.82 2 1
digital.vasic.translator/pkg/distributed/manager.go:251.66,259.40 6 1
digital.vasic.translator/pkg/distributed/manager.go:259.40,261.58 2 0
digital.vasic.translator/pkg/distributed/manager.go:261.58,263.4 1 0
digital.vasic.translator/pkg/distributed/manager.go:265.3,270.4 1 0
digital.vasic.translator/pkg/distributed/manager.go:273.2,280.3 1 1
digital.vasic.translator/pkg/distributed/manager.go:284.89,288.21 3 1
digital.vasic.translator/pkg/distributed/manager.go:288.21,290.3 1 1
digital.vasic.translator/pkg/distributed/manager.go:292.2,315.12 4 1
digital.vasic.translator/pkg/distributed/manager.go:319.67,323.21 3 1
digital.vasic.translator/pkg/distributed/manager.go:323.21,325.3 1 1
digital.vasic.translator/pkg/distributed/manager.go:327.2,339.12 4 1
digital.vasic.translator/pkg/distributed/manager.go:343.65,345.21 2 1
digital.vasic.translator/pkg/distributed/manager.go:345.21,348.3 2 1
digital.vasic.translator/pkg/distributed/manager.go:349.2,351.52 2 1
digital.vasic.translator/pkg/distributed/manager.go:355.67,357.21 2 1
digital.vasic.translator/pkg/distributed/manager.go:357.21,360.3 2 1
digital.vasic.translator/pkg/distributed/manager.go:361.2,363.50 2 1
digital.vasic.translator/pkg/distributed/manager.go:367.61,368.24 1 1
digital.vasic.translator/pkg/distributed/manager.go:368.24,370.3 1 1
digital.vasic.translator/pkg/distributed/manager.go:374.59,375.24 1 1
digital.vasic.translator/pkg/distributed/manager.go:375.24,381.3 1 1
digital.vasic.translator/pkg/distributed/manager.go:385.45,399.2 6 1
digital.vasic.translator/pkg/distributed/manager.go:402.77,406.21 3 1
digital.vasic.translator/pkg/distributed/manager.go:406.21,408.3 1 1
digital.vasic.translator/pkg/distributed/manager.go:410.2,411.57 2 1
digital.vasic.translator/pkg/distributed/manager.go:411.57,413.3 1 0
digital.vasic.translator/pkg/distributed/manager.go:415.2,415.12 1 1
digital.vasic.translator/pkg/distributed/manager.go:419.97,421.21 2 1
digital.vasic.translator/pkg/distributed/manager.go:421.21,424.3 2 1
digital.vasic.translator/pkg/distributed/manager.go:425.2,427.61 2 1
digital.vasic.translator/pkg/distributed/manager.go:431.67,435.21 3 1
digital.vasic.translator/pkg/distributed/manager.go:435.21,437.3 1 1
digital.vasic.translator/pkg/distributed/manager.go:439.2,439.39 1 1
digital.vasic.translator/pkg/distributed/manager.go:443.64,447.21 3 1
digital.vasic.translator/pkg/distributed/manager.go:447.21,449.3 1 1
digital.vasic.translator/pkg/distributed/manager.go:451.2,451.38 1 1
digital.vasic.translator/pkg/distributed/manager.go:455.73,459.21 3 1
digital.vasic.translator/pkg/distributed/manager.go:459.21,464.3 1 1
digital.vasic.translator/pkg/distributed/manager.go:466.2,466.44 1 1
digital.vasic.translator/pkg/distributed/manager.go:470.77,474.21 3 1
digital.vasic.translator/pkg/distributed/manager.go:474.21,476.3 1 1
digital.vasic.translator/pkg/distributed/manager.go:478.2,478.46 1 1
digital.vasic.translator/pkg/distributed/manager.go:482.84,484.21 2 1
digital.vasic.translator/pkg/distributed/manager.go:484.21,487.3 2 1
digital.vasic.translator/pkg/distributed/manager.go:489.2,494.41 4 1
digital.vasic.translator/pkg/distributed/manager.go:494.41,496.3 1 0
digital.vasic.translator/pkg/distributed/manager.go:498.2,498.59 1 1
digital.vasic.translator/pkg/distributed/manager.go:502.72,506.21 3 1
digital.vasic.translator/pkg/distributed/manager.go:506.21,508.3 1 1
digital.vasic.translator/pkg/distributed/manager.go:510.2,510.49 1 1
digital.vasic.translator/pkg/distributed/manager.go:514.85,518.21 3 1
digital.vasic.translator/pkg/distributed/manager.go:518.21,520.3 1 1
digital.vasic.translator/pkg/distributed/manager.go:522.2,522.68 1 1
digital.vasic.translator/pkg/distributed/manager.go:526.69,530.21 3 1
digital.vasic.translator/pkg/distributed/manager.go:530.21,532.3 1 1
digital.vasic.translator/pkg/distributed/manager.go:534.2,534.44 1 1
digital.vasic.translator/pkg/distributed/pairing.go:61.85,91.2 5 1
digital.vasic.translator/pkg/distributed/pairing.go:94.105,96.16 2 1
digital.vasic.translator/pkg/distributed/pairing.go:96.16,98.3 1 1
digital.vasic.translator/pkg/distributed/pairing.go:101.2,103.16 3 1
digital.vasic.translator/pkg/distributed/pairing.go:103.16,105.3 1 1
digital.vasic.translator/pkg/distributed/pairing.go:107.2,107.53 1 0
digital.vasic.translator/pkg/distributed/pairing.go:107.53,109.3 1 0
digital.vasic.translator/pkg/distributed/pairing.go:112.2,113.16 2 0
digital.vasic.translator/pkg/distributed/pairing.go:113.16,130.3 2 0
digital.vasic.translator/pkg/distributed/pairing.go:132.2,133.21 2 0
digital.vasic.translator/pkg/distributed/pairing.go:137.85,139.16 2 1
digital.vasic.translator/pkg/distributed/pairing.go:139.16,141.3 1 1
digital.vasic.translator/pkg/distributed/pairing.go:143.2,156.37 3 1
digital.vasic.translator/pkg/distributed/pairing.go:156.37,160.17 3 1
digital.vasic.translator/pkg/distributed/pairing.go:160.17,161.12 1 1
digital.vasic.translator/pkg/distributed/pairing.go:163.3,165.39 2 1
digital.vasic.translator/pkg/distributed/pairing.go:165.39,166.12 1 1
digital.vasic.translator/pkg/distributed/pairing.go:170.3,171.17 2 1
digital.vasic.translator/pkg/distributed/pairing.go:171.17,172.12 1 0
digital.vasic.translator/pkg/distributed/pairing.go:175.3,176.58 2 1
digital.vasic.translator/pkg/distributed/pairing.go:176.58,177.12 1 0
digital.vasic.translator/pkg/distributed/pairing.go:181.3,183.17 3 1
digital.vasic.translator/pkg/distributed/pairing.go:183.17,184.12 1 0
digital.vasic.translator/pkg/distributed/pairing.go:186.3,189.65 3 1
digital.vasic.translator/pkg/distributed/pairing.go:189.65,191.4 1 1
digital.vasic.translator/pkg/distributed/pairing.go:194.3,209.70 2 1
digital.vasic.translator/pkg/distributed/pairing.go:209.70,210.36 1 1
digital.vasic.translator/pkg/distributed/pairing.go:210.36,211.43 1 1
digital.vasic.translator/pkg/distributed/pairing.go:211.43,213.6 1 1
digital.vasic.translator/pkg/distributed/pairing.go:217.3,217.22 1 1
digital.vasic.translator/pkg/distributed/pairing.go:220.2,220.74 1 1
digital.vasic.translator/pkg/distributed/pairing.go:224.66,226.13 2 1
digital.vasic.translator/pkg/distributed/pairing.go:226.13,228.3 1 1
digital.vasic.translator/pkg/distributed/pairing.go:230.2,247.12 5 1
digital.vasic.translator/pkg/distributed/pairing.go:251.64,253.13 2 1
digital.vasic.translator/pkg/distributed/pairing.go:253.13,255.3 1 1
digital.vasic.translator/pkg/distributed/pairing.go:257.2,271.12 4 1
digital.vasic.translator/pkg/distributed/pairing.go:275.73,278.39 2 1
digital.vasic.translator/pkg/distributed/pairing.go:278.39,279.33 1 1
digital.vasic.translator/pkg/distributed/pairing.go:279.33,281.4 1 1
digital.vasic.translator/pkg/distributed/pairing.go:284.2,284.15 1 1
digital.vasic.translator/pkg/distributed/pairing.go:288.77,290.13 2 1
digital.vasic.translator/pkg/distributed/pairing.go:290.13,292.3 1 1
digital.vasic.translator/pkg/distributed/pairing.go:294.2,294.28 1 1
digital.vasic.translator/pkg/distributed/pairing.go:298.45,302.6 3 1
digital.vasic.translator/pkg/distributed/pairing.go:302.6,303.10 1 1
digital.vasic.translator/pkg/distributed/pairing.go:304.19,305.28 1 1
digital.vasic.translator/pkg/distributed/pairing.go:307.24,308.10 1 1
digital.vasic.translator/pkg/distributed/pairing.go:314.49,315.45 1 1
digital.vasic.translator/pkg/distributed/pairing.go:315.45,317.3 1 1
digital.vasic.translator/pkg/distributed/pairing.go:321.87,325.16 3 1
digital.vasic.translator/pkg/distributed/pairing.go:325.16,327.34 1 1
digital.vasic.translator/pkg/distributed/pairing.go:327.34,338.4 2 1
digital.vasic.translator/pkg/distributed/pairing.go:339.3,339.9 1 1
digital.vasic.translator/pkg/distributed/pairing.go:341.2,348.16 5 0
digital.vasic.translator/pkg/distributed/pairing.go:348.16,357.3 1 0
digital.vasic.translator/pkg/distributed/pairing.go:361.57,362.24 1 1
digital.vasic.translator/pkg/distributed/pairing.go:362.24,364.3 1 1
digital.vasic.translator/pkg/distributed/pairing.go:368.35,370.2 1 1
digital.vasic.translator/pkg/distributed/performance.go:46.52,67.2 1 1
digital.vasic.translator/pkg/distributed/performance.go:87.119,99.2 3 1
digital.vasic.translator/pkg/distributed/performance.go:102.104,109.66 4 1
digital.vasic.translator/pkg/distributed/performance.go:109.66,112.65 1 1
digital.vasic.translator/pkg/distributed/performance.go:112.65,116.4 3 1
digital.vasic.translator/pkg/distributed/performance.go:118.3,118.30 1 1
digital.vasic.translator/pkg/distributed/performance.go:122.2,123.16 2 1
digital.vasic.translator/pkg/distributed/performance.go:123.16,126.3 2 1
digital.vasic.translator/pkg/distributed/performance.go:128.2,138.18 4 0
digital.vasic.translator/pkg/distributed/performance.go:142.61,147.50 4 1
digital.vasic.translator/pkg/distributed/performance.go:147.50,150.3 2 0
digital.vasic.translator/pkg/distributed/performance.go:154.61,160.2 4 1
digital.vasic.translator/pkg/distributed/performance.go:163.90,166.67 2 1
digital.vasic.translator/pkg/distributed/performance.go:166.67,169.3 2 0
digital.vasic.translator/pkg/distributed/performance.go:170.2,175.30 3 1
digital.vasic.translator/pkg/distributed/performance.go:175.30,177.17 2 0
digital.vasic.translator/pkg/distributed/performance.go:177.17,179.4 1 0
digital.vasic.translator/pkg/distributed/performance.go:180.3,181.76 2 0
digital.vasic.translator/pkg/distributed/performance.go:184.2,184.31 1 1
digital.vasic.translator/pkg/distributed/performance.go:184.31,187.3 2 0
digital.vasic.translator/pkg/distributed/performance.go:189.2,190.16 2 1
digital.vasic.translator/pkg/distributed/performance.go:190.16,192.3 1 0
digital.vasic.translator/pkg/distributed/performance.go:195.2,196.16 2 1
digital.vasic.translator/pkg/distributed/performance.go:196.16,198.3 1 1
digital.vasic.translator/pkg/distributed/performance.go:200.2,205.8 1 0
digital.vasic.translator/pkg/distributed/performance.go:209.68,211.2 1 1
digital.vasic.translator/pkg/distributed/performance.go:214.37,218.6 3 1
digital.vasic.translator/pkg/distributed/performance.go:218.6,219.10 1 1
digital.vasic.translator/pkg/distributed/performance.go:220.19,224.43 3 1
digital.vasic.translator/pkg/distributed/performance.go:224.43,229.65 1 1
digital.vasic.translator/pkg/distributed/performance.go:229.65,232.6 2 1
digital.vasic.translator/pkg/distributed/performance.go:234.4,234.18 1 1
digital.vasic.translator/pkg/distributed/performance.go:240.65,248.39 6 1
digital.vasic.translator/pkg/distributed/performance.go:248.39,249.18 1 0
digital.vasic.translator/pkg/distributed/performance.go:249.18,251.4 1 0
digital.vasic.translator/pkg/distributed/performance.go:251.9,253.4 1 0
digital.vasic.translator/pkg/distributed/performance.go:256.2,261.3 1 1
digital.vasic.translator/pkg/distributed/performance.go:279.61,290.2 3 1
digital.vasic.translator/pkg/distributed/performance.go:293.55,298.12 4 1
digital.vasic.translator/pkg/distributed/performance.go:298.12,300.3 1 1
digital.vasic.translator/pkg/distributed/performance.go:303.2,303.39 1 1
digital.vasic.translator/pkg/distributed/performance.go:303.39,305.3 1 1
digital.vasic.translator/pkg/distributed/performance.go:307.2,307.26 1 1
digital.vasic.translator/pkg/distributed/performance.go:311.47,316.33 3 1
digital.vasic.translator/pkg/distributed/performance.go:316.33,321.34 2 1
digital.vasic.translator/pkg/distributed/performance.go:321.34,323.4 1 1
digital.vasic.translator/pkg/distributed/performance.go:326.2,329.3 1 1
digital.vasic.translator/pkg/distributed/performance.go:333.40,335.35 2 1
digital.vasic.translator/pkg/distributed/performance.go:335.35,336.33 1 1
digital.vasic.translator/pkg/distributed/performance.go:336.33,338.4 1 1
digital.vasic.translator/pkg/distributed/performance.go:343.39,347.35 3 1
digital.vasic.translator/pkg/distributed/performance.go:347.35,348.60 1 1
digital.vasic.translator/pkg/distributed/performance.go:348.60,351.4 2 1
digital.vasic.translator/pkg/distributed/performance.go:354.2,354.21 1 1
digital.vasic.translator/pkg/distributed/performance.go:354.21,356.3 1 1
digital.vasic.translator/pkg/distributed/performance.go:360.56,364.6 3 1
digital.vasic.translator/pkg/distributed/performance.go:364.6,365.10 1 1
digital.vasic.translator/pkg/distributed/performance.go:366.19,369.18 3 0
digital.vasic.translator/pkg/distributed/performance.go:375.91,378.2 2 1
digital.vasic.translator/pkg/distributed/performance.go:402.115,409.2 1 1
digital.vasic.translator/pkg/distributed/performance.go:412.55,416.18 3 1
digital.vasic.translator/pkg/distributed/performance.go:417.17,418.54 1 1
digital.vasic.translator/pkg/distributed/performance.go:418.54,420.4 1 1
digital.vasic.translator/pkg/distributed/performance.go:421.3,423.14 3 1
digital.vasic.translator/pkg/distributed/performance.go:425.21,427.17 2 1
digital.vasic.translator/pkg/distributed/performance.go:427.17,432.4 4 0
digital.vasic.translator/pkg/distributed/performance.go:434.3,435.42 2 1
digital.vasic.translator/pkg/distributed/performance.go:435.42,438.4 2 1
digital.vasic.translator/pkg/distributed/performance.go:439.3,439.13 1 1
digital.vasic.translator/pkg/distributed/performance.go:441.19,443.17 2 1
digital.vasic.translator/pkg/distributed/performance.go:443.17,445.42 2 1
digital.vasic.translator/pkg/distributed/performance.go:445.42,448.5 2 1
digital.vasic.translator/pkg/distributed/performance.go:449.4,449.14 1 1
digital.vasic.translator/pkg/distributed/performance.go:451.3,452.13 2 1
digital.vasic.translator/pkg/distributed/performance.go:455.2,455.52 1 0
digital.vasic.translator/pkg/distributed/performance.go:459.51,463.2 3 1
digital.vasic.translator/pkg/distributed/performance.go:483.115,490.2 1 1
digital.vasic.translator/pkg/distributed/performance.go:493.81,498.13 4 1
digital.vasic.translator/pkg/distributed/performance.go:498.13,505.3 2 1
digital.vasic.translator/pkg/distributed/performance.go:507.2,510.41 2 1
digital.vasic.translator/pkg/distributed/performance.go:510.41,512.3 1 0
digital.vasic.translator/pkg/distributed/performance.go:515.2,515.24 1 1
digital.vasic.translator/pkg/distributed/performance.go:515.24,516.51 1 1
digital.vasic.translator/pkg/distributed/performance.go:516.51,520.4 3 1
digital.vasic.translator/pkg/distributed/performance.go:523.2,523.12 1 1
digital.vasic.translator/pkg/distributed/performance.go:527.62,529.13 2 1
digital.vasic.translator/pkg/distributed/performance.go:529.13,531.3 1 0
digital.vasic.translator/pkg/distributed/performance.go:534.2,534.24 1 1
digital.vasic.translator/pkg/distributed/performance.go:534.24,536.3 1 1
digital.vasic.translator/pkg/distributed/performance.go:539.2,544.12 3 1
digital.vasic.translator/pkg/distributed/performance.go:548.44,553.34 4 1
digital.vasic.translator/pkg/distributed/performance.go:553.34,554.50 1 1
digital.vasic.translator/pkg/distributed/performance.go:554.50,556.4 1 0
digital.vasic.translator/pkg/distributed/performance.go:559.2,559.16 1 1
digital.vasic.translator/pkg/distributed/performance_test_extended.go:11.93,13.2 0 0
digital.vasic.translator/pkg/distributed/performance_test_extended.go:15.49,16.51 1 0
digital.vasic.translator/pkg/distributed/performance_test_extended.go:16.51,20.43 2 0
digital.vasic.translator/pkg/distributed/performance_test_extended.go:20.43,22.4 1 0
digital.vasic.translator/pkg/distributed/performance_test_extended.go:24.3,24.52 1 0
digital.vasic.translator/pkg/distributed/performance_test_extended.go:24.52,26.4 1 0
digital.vasic.translator/pkg/distributed/performance_test_extended.go:28.3,28.53 1 0
digital.vasic.translator/pkg/distributed/performance_test_extended.go:28.53,30.4 1 0
digital.vasic.translator/pkg/distributed/performance_test_extended.go:33.3,33.29 1 0
digital.vasic.translator/pkg/distributed/performance_test_extended.go:33.29,35.4 1 0
digital.vasic.translator/pkg/distributed/performance_test_extended.go:37.3,37.29 1 0
digital.vasic.translator/pkg/distributed/performance_test_extended.go:37.29,39.4 1 0
digital.vasic.translator/pkg/distributed/performance_test_extended.go:41.3,41.50 1 0
digital.vasic.translator/pkg/distributed/performance_test_extended.go:41.50,43.4 1 0
digital.vasic.translator/pkg/distributed/performance_test_extended.go:46.3,46.34 1 0
digital.vasic.translator/pkg/distributed/performance_test_extended.go:46.34,48.4 1 0
digital.vasic.translator/pkg/distributed/performance_test_extended.go:50.3,50.40 1 0
digital.vasic.translator/pkg/distributed/performance_test_extended.go:50.40,52.4 1 0
digital.vasic.translator/pkg/distributed/performance_test_extended.go:54.3,54.35 1 0
digital.vasic.translator/pkg/distributed/performance_test_extended.go:54.35,56.4 1 0
digital.vasic.translator/pkg/distributed/performance_test_extended.go:59.3,59.53 1 0
digital.vasic.translator/pkg/distributed/performance_test_extended.go:59.53,61.4 1 0
digital.vasic.translator/pkg/distributed/performance_test_extended.go:63.3,63.51 1 0
digital.vasic.translator/pkg/distributed/performance_test_extended.go:63.51,65.4 1 0
digital.vasic.translator/pkg/distributed/performance_test_extended.go:68.3,68.35 1 0
digital.vasic.translator/pkg/distributed/performance_test_extended.go:68.35,70.4 1 0
digital.vasic.translator/pkg/distributed/performance_test_extended.go:72.3,72.35 1 0
digital.vasic.translator/pkg/distributed/performance_test_extended.go:72.35,74.4 1 0
digital.vasic.translator/pkg/distributed/performance_test_extended.go:76.3,76.47 1 0
digital.vasic.translator/pkg/distributed/performance_test_extended.go:76.47,78.4 1 0
digital.vasic.translator/pkg/distributed/performance_test_extended.go:80.3,80.35 1 0
digital.vasic.translator/pkg/distributed/performance_test_extended.go:80.35,82.4 1 0
digital.vasic.translator/pkg/distributed/performance_test_extended.go:85.3,85.28 1 0
digital.vasic.translator/pkg/distributed/performance_test_extended.go:85.28,87.4 1 0
digital.vasic.translator/pkg/distributed/performance_test_extended.go:89.3,89.47 1 0
digital.vasic.translator/pkg/distributed/performance_test_extended.go:89.47,91.4 1 0
digital.vasic.translator/pkg/distributed/performance_test_extended.go:95.42,96.42 1 0
digital.vasic.translator/pkg/distributed/performance_test_extended.go:96.42,103.18 5 0
digital.vasic.translator/pkg/distributed/performance_test_extended.go:103.18,105.4 1 0
digital.vasic.translator/pkg/distributed/performance_test_extended.go:107.3,107.28 1 0
digital.vasic.translator/pkg/distributed/performance_test_extended.go:107.28,109.4 1 0
digital.vasic.translator/pkg/distributed/performance_test_extended.go:111.3,111.32 1 0
digital.vasic.translator/pkg/distributed/performance_test_extended.go:111.32,113.4 1 0
digital.vasic.translator/pkg/distributed/performance_test_extended.go:115.3,115.30 1 0
digital.vasic.translator/pkg/distributed/performance_test_extended.go:115.30,117.4 1 0
digital.vasic.translator/pkg/distributed/performance_test_extended.go:121.39,122.42 1 0
digital.vasic.translator/pkg/distributed/performance_test_extended.go:122.42,126.19 3 0
digital.vasic.translator/pkg/distributed/performance_test_extended.go:126.19,128.4 1 0
digital.vasic.translator/pkg/distributed/performance_test_extended.go:136.52,137.40 1 0
digital.vasic.translator/pkg/distributed/performance_test_extended.go:137.40,146.12 6 0
digital.vasic.translator/pkg/distributed/performance_test_extended.go:146.12,148.4 1 0
digital.vasic.translator/pkg/distributed/performance_test_extended.go:149.3,149.19 1 0
digital.vasic.translator/pkg/distributed/performance_test_extended.go:149.19,151.4 1 0
digital.vasic.translator/pkg/distributed/performance_test_extended.go:154.3,158.13 3 0
digital.vasic.translator/pkg/distributed/performance_test_extended.go:158.13,160.4 1 0
digital.vasic.translator/pkg/distributed/performance_test_extended.go:162.3,162.22 1 0
digital.vasic.translator/pkg/distributed/performance_test_extended.go:162.22,164.4 1 0
digital.vasic.translator/pkg/distributed/performance_test_extended.go:168.42,169.42 1 0
digital.vasic.translator/pkg/distributed/performance_test_extended.go:169.42,173.16 3 0
digital.vasic.translator/pkg/distributed/performance_test_extended.go:173.16,175.4 1 0
digital.vasic.translator/pkg/distributed/performance_test_extended.go:178.3,179.27 2 0
digital.vasic.translator/pkg/distributed/performance_test_extended.go:179.27,181.4 1 0
digital.vasic.translator/pkg/distributed/performance_test_extended.go:185.42,186.42 1 0
digital.vasic.translator/pkg/distributed/performance_test_extended.go:186.42,188.108 2 0
digital.vasic.translator/pkg/distributed/performance_test_extended.go:188.108,191.4 1 0
digital.vasic.translator/pkg/distributed/performance_test_extended.go:193.3,193.23 1 0
digital.vasic.translator/pkg/distributed/performance_test_extended.go:193.23,195.4 1 0
digital.vasic.translator/pkg/distributed/performance_test_extended.go:199.41,200.49 1 0
digital.vasic.translator/pkg/distributed/performance_test_extended.go:200.49,206.16 4 0
digital.vasic.translator/pkg/distributed/performance_test_extended.go:206.16,208.4 1 0
digital.vasic.translator/pkg/distributed/performance_test_extended.go:211.3,212.18 2 0
digital.vasic.translator/pkg/distributed/performance_test_extended.go:212.18,214.4 1 0
digital.vasic.translator/pkg/distributed/performance_test_extended.go:217.3,218.18 2 0
digital.vasic.translator/pkg/distributed/performance_test_extended.go:218.18,220.4 1 0
digital.vasic.translator/pkg/distributed/security.go:49.46,83.2 1 1
digital.vasic.translator/pkg/distributed/security.go:86.113,99.31 2 1
digital.vasic.translator/pkg/distributed/security.go:99.31,101.17 2 1
digital.vasic.translator/pkg/distributed/security.go:101.17,103.4 1 0
digital.vasic.translator/pkg/distributed/security.go:104.3,104.43 1 1
digital.vasic.translator/pkg/distributed/security.go:105.8,108.3 1 0
digital.vasic.translator/pkg/distributed/security.go:110.2,110.20 1 1
digital.vasic.translator/pkg/distributed/security.go:114.80,115.29 1 1
digital.vasic.translator/pkg/distributed/security.go:115.29,117.3 1 0
digital.vasic.translator/pkg/distributed/security.go:120.2,121.45 2 1
digital.vasic.translator/pkg/distributed/security.go:121.45,123.20 2 1
digital.vasic.translator/pkg/distributed/security.go:123.20,125.4 1 0
digital.vasic.translator/pkg/distributed/security.go:126.3,126.20 1 1
digital.vasic.translator/pkg/distributed/security.go:126.20,128.4 1 0
digital.vasic.translator/pkg/distributed/security.go:129.3,129.73 1 1
digital.vasic.translator/pkg/distributed/security.go:133.2,134.16 2 1
digital.vasic.translator/pkg/distributed/security.go:134.16,136.3 1 0
digital.vasic.translator/pkg/distributed/security.go:138.2,138.29 1 1
digital.vasic.translator/pkg/distributed/security.go:142.88,144.53 1 1
digital.vasic.translator/pkg/distributed/security.go:144.53,146.74 1 1
digital.vasic.translator/pkg/distributed/security.go:146.74,148.4 1 1
digital.vasic.translator/pkg/distributed/security.go:152.2,153.16 2 1
digital.vasic.translator/pkg/distributed/security.go:153.16,155.3 1 0
digital.vasic.translator/pkg/distributed/security.go:158.2,161.29 3 1
digital.vasic.translator/pkg/distributed/security.go:161.29,163.49 2 1
digital.vasic.translator/pkg/distributed/security.go:163.49,164.12 1 1
digital.vasic.translator/pkg/distributed/security.go:168.3,169.21 2 1
digital.vasic.translator/pkg/distributed/security.go:169.21,170.12 1 0
digital.vasic.translator/pkg/distributed/security.go:173.3,179.17 5 1
digital.vasic.translator/pkg/distributed/security.go:179.17,181.12 2 0
digital.vasic.translator/pkg/distributed/security.go:185.3,185.38 1 1
digital.vasic.translator/pkg/distributed/security.go:185.38,186.35 1 1
digital.vasic.translator/pkg/distributed/security.go:186.35,188.5 1 1
digital.vasic.translator/pkg/distributed/security.go:189.4,189.45 1 1
digital.vasic.translator/pkg/distributed/security.go:194.2,194.73 1 1
digital.vasic.translator/pkg/distributed/security.go:194.73,196.55 1 1
digital.vasic.translator/pkg/distributed/security.go:196.55,197.63 1 1
digital.vasic.translator/pkg/distributed/security.go:197.63,198.34 1 1
digital.vasic.translator/pkg/distributed/security.go:198.34,200.6 1 1
digital.vasic.translator/pkg/distributed/security.go:200.11,202.6 1 1
digital.vasic.translator/pkg/distributed/security.go:207.3,207.41 1 1
digital.vasic.translator/pkg/distributed/security.go:207.41,210.23 2 0
digital.vasic.translator/pkg/distributed/security.go:210.23,213.49 2 0
digital.vasic.translator/pkg/distributed/security.go:213.49,214.45 1 0
digital.vasic.translator/pkg/distributed/security.go:214.45,216.56 2 0
digital.vasic.translator/pkg/distributed/security.go:216.56,218.67 1 0
digital.vasic.translator/pkg/distributed/security.go:218.67,219.38 1 0
digital.vasic.translator/pkg/distributed/security.go:219.38,221.10 1 0
digital.vasic.translator/pkg/distributed/security.go:230.3,230.47 1 1
digital.vasic.translator/pkg/distributed/security.go:230.47,232.28 2 1
digital.vasic.translator/pkg/distributed/security.go:232.28,233.57 1 1
digital.vasic.translator/pkg/distributed/security.go:233.57,234.65 1 0
digital.vasic.translator/pkg/distributed/security.go:234.65,235.36 1 0
digital.vasic.translator/pkg/distributed/security.go:235.36,237.8 1 0
digital.vasic.translator/pkg/distributed/security.go:244.3,244.45 1 1
digital.vasic.translator/pkg/distributed/security.go:244.45,245.72 1 1
digital.vasic.translator/pkg/distributed/security.go:245.72,247.45 1 0
digital.vasic.translator/pkg/distributed/security.go:247.45,248.65 1 0
digital.vasic.translator/pkg/distributed/security.go:248.65,249.36 1 0
digital.vasic.translator/pkg/distributed/security.go:249.36,251.8 1 0
digital.vasic.translator/pkg/distributed/security.go:257.3,257.92 1 1
digital.vasic.translator/pkg/distributed/security.go:262.73,264.20 1 1
digital.vasic.translator/pkg/distributed/security.go:264.20,266.3 1 1
digital.vasic.translator/pkg/distributed/security.go:269.2,269.83 1 1
digital.vasic.translator/pkg/distributed/security.go:273.41,274.26 1 1
digital.vasic.translator/pkg/distributed/security.go:274.26,276.3 1 0
digital.vasic.translator/pkg/distributed/security.go:278.2,281.32 3 1
digital.vasic.translator/pkg/distributed/security.go:281.32,283.3 1 0
digital.vasic.translator/pkg/distributed/security.go:285.2,285.24 1 1
digital.vasic.translator/pkg/distributed/security.go:285.24,286.29 1 1
digital.vasic.translator/pkg/distributed/security.go:286.29,288.4 1 1
digital.vasic.translator/pkg/distributed/security.go:291.2,291.13 1 1
digital.vasic.translator/pkg/distributed/security.go:295.66,303.28 2 1
digital.vasic.translator/pkg/distributed/security.go:303.28,307.25 2 1
digital.vasic.translator/pkg/distributed/security.go:307.25,309.18 2 1
digital.vasic.translator/pkg/distributed/security.go:309.18,311.5 1 1
digital.vasic.translator/pkg/distributed/security.go:313.4,314.46 2 0
digital.vasic.translator/pkg/distributed/security.go:314.46,316.5 1 0
digital.vasic.translator/pkg/distributed/security.go:318.4,318.34 1 0
digital.vasic.translator/pkg/distributed/security.go:320.8,322.3 1 0
digital.vasic.translator/pkg/distributed/security.go:325.2,325.25 1 1
digital.vasic.translator/pkg/distributed/security.go:325.25,326.56 1 1
digital.vasic.translator/pkg/distributed/security.go:326.56,328.4 1 1
digital.vasic.translator/pkg/distributed/security.go:330.3,331.17 2 0
digital.vasic.translator/pkg/distributed/security.go:331.17,333.4 1 0
digital.vasic.translator/pkg/distributed/security.go:335.3,335.51 1 0
digital.vasic.translator/pkg/distributed/security.go:338.2,338.23 1 1
digital.vasic.translator/pkg/distributed/security.go:342.71,343.34 1 1
digital.vasic.translator/pkg/distributed/security.go:343.34,345.3 1 1
digital.vasic.translator/pkg/distributed/security.go:347.2,348.16 2 1
digital.vasic.translator/pkg/distributed/security.go:348.16,350.3 1 1
digital.vasic.translator/pkg/distributed/security.go:352.2,353.15 2 1
digital.vasic.translator/pkg/distributed/security.go:353.15,356.34 2 0
digital.vasic.translator/pkg/distributed/security.go:356.34,358.4 1 0
digital.vasic.translator/pkg/distributed/security.go:359.3,359.14 1 0
digital.vasic.translator/pkg/distributed/security.go:362.2,362.45 1 1
digital.vasic.translator/pkg/distributed/security.go:362.45,364.17 2 1
digital.vasic.translator/pkg/distributed/security.go:364.17,365.12 1 0
digital.vasic.translator/pkg/distributed/security.go:368.3,368.25 1 1
digital.vasic.translator/pkg/distributed/security.go:368.25,370.4 1 1
digital.vasic.translator/pkg/distributed/security.go:373.2,373.66 1 1
digital.vasic.translator/pkg/distributed/security.go:388.71,393.2 1 1
digital.vasic.translator/pkg/distributed/security.go:396.103,397.17 1 1
digital.vasic.translator/pkg/distributed/security.go:397.17,399.3 1 1
digital.vasic.translator/pkg/distributed/security.go:401.2,405.4 1 1
digital.vasic.translator/pkg/distributed/security.go:409.106,416.20 2 1
digital.vasic.translator/pkg/distributed/security.go:416.20,418.3 1 1
digital.vasic.translator/pkg/distributed/security.go:420.2,420.73 1 1
digital.vasic.translator/pkg/distributed/security.go:424.88,431.2 1 1
digital.vasic.translator/pkg/distributed/security.go:434.75,439.2 1 1
digital.vasic.translator/pkg/distributed/ssh_pool.go:59.49,68.2 1 1
digital.vasic.translator/pkg/distributed/ssh_pool.go:71.65,79.2 1 1
digital.vasic.translator/pkg/distributed/ssh_pool.go:82.28,97.2 4 1
digital.vasic.translator/pkg/distributed/ssh_pool.go:100.51,105.2 3 1
digital.vasic.translator/pkg/distributed/ssh_pool.go:108.49,113.53 4 1
digital.vasic.translator/pkg/distributed/ssh_pool.go:113.53,116.3 2 0
digital.vasic.translator/pkg/distributed/ssh_pool.go:120.74,125.13 4 1
digital.vasic.translator/pkg/distributed/ssh_pool.go:125.13,127.3 1 1
digital.vasic.translator/pkg/distributed/ssh_pool.go:129.2,129.21 1 1
digital.vasic.translator/pkg/distributed/ssh_pool.go:129.21,131.3 1 1
digital.vasic.translator/pkg/distributed/ssh_pool.go:133.2,137.53 3 1
digital.vasic.translator/pkg/distributed/ssh_pool.go:137.53,140.3 2 1
digital.vasic.translator/pkg/distributed/ssh_pool.go:143.2,144.16 2 1
digital.vasic.translator/pkg/distributed/ssh_pool.go:144.16,146.3 1 1
digital.vasic.translator/pkg/distributed/ssh_pool.go:148.2,149.18 2 0
digital.vasic.translator/pkg/distributed/ssh_pool.go:153.82,157.30 2 1
digital.vasic.translator/pkg/distributed/ssh_pool.go:157.30,159.17 2 1
digital.vasic.translator/pkg/distributed/ssh_pool.go:159.17,161.4 1 1
digital.vasic.translator/pkg/distributed/ssh_pool.go:162.3,162.57 1 0
digital.vasic.translator/pkg/distributed/ssh_pool.go:166.2,166.31 1 1
digital.vasic.translator/pkg/distributed/ssh_pool.go:166.31,168.3 1 1
digital.vasic.translator/pkg/distributed/ssh_pool.go:170.2,170.27 1 1
digital.vasic.translator/pkg/distributed/ssh_pool.go:170.27,172.3 1 1
digital.vasic.translator/pkg/distributed/ssh_pool.go:175.2,177.37 2 1
digital.vasic.translator/pkg/distributed/ssh_pool.go:177.37,179.85 1 1
digital.vasic.translator/pkg/distributed/ssh_pool.go:179.85,181.18 2 0
digital.vasic.translator/pkg/distributed/ssh_pool.go:181.18,182.27 1 0
digital.vasic.translator/pkg/distributed/ssh_pool.go:182.27,185.6 1 0
digital.vasic.translator/pkg/distributed/ssh_pool.go:186.5,186.66 1 0
digital.vasic.translator/pkg/distributed/ssh_pool.go:190.4,191.53 2 0
digital.vasic.translator/pkg/distributed/ssh_pool.go:191.53,193.5 1 0
digital.vasic.translator/pkg/distributed/ssh_pool.go:196.4,196.71 1 0
digital.vasic.translator/pkg/distributed/ssh_pool.go:198.8,201.3 1 1
digital.vasic.translator/pkg/distributed/ssh_pool.go:203.2,216.64 5 1
digital.vasic.translator/pkg/distributed/ssh_pool.go:216.64,219.17 3 1
digital.vasic.translator/pkg/distributed/ssh_pool.go:219.17,220.9 1 0
digital.vasic.translator/pkg/distributed/ssh_pool.go:223.3,224.38 2 1
digital.vasic.translator/pkg/distributed/ssh_pool.go:224.38,226.4 1 0
digital.vasic.translator/pkg/distributed/ssh_pool.go:229.2,229.19 1 1
digital.vasic.translator/pkg/distributed/ssh_pool.go:229.19,231.3 1 1
digital.vasic.translator/pkg/distributed/ssh_pool.go:233.2,238.8 1 0
digital.vasic.translator/pkg/distributed/ssh_pool.go:242.77,244.16 2 0
digital.vasic.translator/pkg/distributed/ssh_pool.go:244.16,246.3 1 0
digital.vasic.translator/pkg/distributed/ssh_pool.go:247.2,251.16 4 0
digital.vasic.translator/pkg/distributed/ssh_pool.go:251.16,253.3 1 0
digital.vasic.translator/pkg/distributed/ssh_pool.go:255.2,255.12 1 0
digital.vasic.translator/pkg/distributed/ssh_pool.go:259.96,264.24 4 1
digital.vasic.translator/pkg/distributed/ssh_pool.go:264.24,266.3 1 1
digital.vasic.translator/pkg/distributed/ssh_pool.go:268.2,269.16 2 0
digital.vasic.translator/pkg/distributed/ssh_pool.go:269.16,271.3 1 0
digital.vasic.translator/pkg/distributed/ssh_pool.go:272.2,278.12 4 0
digital.vasic.translator/pkg/distributed/ssh_pool.go:278.12,280.17 2 0
digital.vasic.translator/pkg/distributed/ssh_pool.go:280.17,283.4 2 0
digital.vasic.translator/pkg/distributed/ssh_pool.go:284.3,284.17 1 0
digital.vasic.translator/pkg/distributed/ssh_pool.go:287.2,287.9 1 0
digital.vasic.translator/pkg/distributed/ssh_pool.go:288.24,289.21 1 0
digital.vasic.translator/pkg/distributed/ssh_pool.go:290.24,291.18 1 0
digital.vasic.translator/pkg/distributed/ssh_pool.go:292.20,294.24 2 0
digital.vasic.translator/pkg/distributed/ssh_pool.go:299.42,303.24 3 1
digital.vasic.translator/pkg/distributed/ssh_pool.go:303.24,305.3 1 0
digital.vasic.translator/pkg/distributed/ssh_pool.go:306.2,306.12 1 1
digital.vasic.translator/pkg/distributed/ssh_pool.go:310.57,315.36 4 1
digital.vasic.translator/pkg/distributed/ssh_pool.go:315.36,317.3 1 0
digital.vasic.translator/pkg/distributed/ssh_pool.go:318.2,318.16 1 1
digital.vasic.translator/pkg/distributed/ssh_pool.go:322.46,326.2 3 1
digital.vasic.translator/pkg/distributed/ssh_pool.go:329.29,333.6 3 1
digital.vasic.translator/pkg/distributed/ssh_pool.go:333.6,334.10 1 1
digital.vasic.translator/pkg/distributed/ssh_pool.go:335.19,338.40 3 1
digital.vasic.translator/pkg/distributed/ssh_pool.go:338.40,339.47 1 1
digital.vasic.translator/pkg/distributed/ssh_pool.go:339.47,340.28 1 1
digital.vasic.translator/pkg/distributed/ssh_pool.go:340.28,342.7 1 0
digital.vasic.translator/pkg/distributed/ssh_pool.go:343.6,343.31 1 1
digital.vasic.translator/pkg/distributed/ssh_pool.go:346.4,346.17 1 1
digital.vasic.translator/pkg/distributed/ssh_pool.go:348.23,349.10 1 1
digital.vasic.translator/pkg/distributed/ssh_pool.go:355.27,361.37 4 1
digital.vasic.translator/pkg/distributed/ssh_pool.go:361.37,362.25 1 1
digital.vasic.translator/pkg/distributed/ssh_pool.go:362.25,364.4 1 0
digital.vasic.translator/pkg/distributed/ssh_pool.go:366.2,366.49 1 1
digital.vasic.translator/pkg/distributed/version_manager.go:141.52,142.21 1 1
digital.vasic.translator/pkg/distributed/version_manager.go:142.21,144.3 1 1
digital.vasic.translator/pkg/distributed/version_manager.go:146.2,150.3 1 1
digital.vasic.translator/pkg/distributed/version_manager.go:154.58,158.2 3 1
digital.vasic.translator/pkg/distributed/version_manager.go:161.60,166.25 3 1
digital.vasic.translator/pkg/distributed/version_manager.go:166.25,168.3 1 1
digital.vasic.translator/pkg/distributed/version_manager.go:171.2,174.42 2 1
digital.vasic.translator/pkg/distributed/version_manager.go:174.42,176.3 1 0
digital.vasic.translator/pkg/distributed/version_manager.go:179.2,180.38 2 1
digital.vasic.translator/pkg/distributed/version_manager.go:180.38,181.50 1 1
digital.vasic.translator/pkg/distributed/version_manager.go:181.50,184.4 1 0
digital.vasic.translator/pkg/distributed/version_manager.go:187.2,187.16 1 1
digital.vasic.translator/pkg/distributed/version_manager.go:191.66,195.48 3 1
digital.vasic.translator/pkg/distributed/version_manager.go:195.48,197.3 1 1
digital.vasic.translator/pkg/distributed/version_manager.go:200.2,202.15 3 1
digital.vasic.translator/pkg/distributed/version_manager.go:206.79,210.40 3 1
digital.vasic.translator/pkg/distributed/version_manager.go:210.40,211.54 1 1
digital.vasic.translator/pkg/distributed/version_manager.go:211.54,217.4 5 1
digital.vasic.translator/pkg/distributed/version_manager.go:219.2,219.14 1 1
digital.vasic.translator/pkg/distributed/version_manager.go:223.43,225.2 1 1
digital.vasic.translator/pkg/distributed/version_manager.go:227.64,269.2 6 1
digital.vasic.translator/pkg/distributed/version_manager.go:272.45,274.2 1 1
digital.vasic.translator/pkg/distributed/version_manager.go:276.66,277.25 1 1
digital.vasic.translator/pkg/distributed/version_manager.go:277.25,279.3 1 1
digital.vasic.translator/pkg/distributed/version_manager.go:281.2,281.20 1 1
digital.vasic.translator/pkg/distributed/version_manager.go:281.20,283.3 1 0
digital.vasic.translator/pkg/distributed/version_manager.go:285.2,298.16 3 1
digital.vasic.translator/pkg/distributed/version_manager.go:298.16,300.3 1 0
digital.vasic.translator/pkg/distributed/version_manager.go:302.2,303.16 2 1
digital.vasic.translator/pkg/distributed/version_manager.go:303.16,305.3 1 0
digital.vasic.translator/pkg/distributed/version_manager.go:307.2,308.36 2 1
digital.vasic.translator/pkg/distributed/version_manager.go:308.36,310.3 1 1
digital.vasic.translator/pkg/distributed/version_manager.go:312.2,313.16 2 1
digital.vasic.translator/pkg/distributed/version_manager.go:313.16,315.3 1 1
digital.vasic.translator/pkg/distributed/version_manager.go:316.2,318.53 2 1
digital.vasic.translator/pkg/distributed/version_manager.go:318.53,320.3 1 0
digital.vasic.translator/pkg/distributed/version_manager.go:322.2,322.12 1 1
digital.vasic.translator/pkg/distributed/version_manager.go:326.43,328.2 1 1
digital.vasic.translator/pkg/distributed/version_manager.go:330.64,331.25 1 1
digital.vasic.translator/pkg/distributed/version_manager.go:331.25,333.3 1 1
digital.vasic.translator/pkg/distributed/version_manager.go:335.2,335.22 1 1
digital.vasic.translator/pkg/distributed/version_manager.go:335.22,337.3 1 1
digital.vasic.translator/pkg/distributed/version_manager.go:339.2,340.24 2 1
digital.vasic.translator/pkg/distributed/version_manager.go:341.13,342.17 1 0
digital.vasic.translator/pkg/distributed/version_manager.go:343.16,344.20 1 1
digital.vasic.translator/pkg/distributed/version_manager.go:345.14,346.19 1 0
digital.vasic.translator/pkg/distributed/version_manager.go:347.18,348.20 1 0
digital.vasic.translator/pkg/distributed/version_manager.go:351.2,388.16 3 1
digital.vasic.translator/pkg/distributed/version_manager.go:388.16,390.3 1 0
digital.vasic.translator/pkg/distributed/version_manager.go:392.2,393.16 2 1
digital.vasic.translator/pkg/distributed/version_manager.go:393.16,395.3 1 0
digital.vasic.translator/pkg/distributed/version_manager.go:397.2,400.16 3 1
digital.vasic.translator/pkg/distributed/version_manager.go:400.16,402.3 1 0
digital.vasic.translator/pkg/distributed/version_manager.go:403.2,405.28 2 1
digital.vasic.translator/pkg/distributed/version_manager.go:405.28,407.3 1 0
digital.vasic.translator/pkg/distributed/version_manager.go:409.2,409.12 1 1
digital.vasic.translator/pkg/distributed/version_manager.go:436.67,461.2 3 1
digital.vasic.translator/pkg/distributed/version_manager.go:464.40,481.2 6 1
digital.vasic.translator/pkg/distributed/version_manager.go:484.34,486.60 1 1
digital.vasic.translator/pkg/distributed/version_manager.go:486.60,488.3 1 1
digital.vasic.translator/pkg/distributed/version_manager.go:491.2,491.87 1 1
digital.vasic.translator/pkg/distributed/version_manager.go:491.87,493.3 1 0
digital.vasic.translator/pkg/distributed/version_manager.go:496.2,496.82 1 1
digital.vasic.translator/pkg/distributed/version_manager.go:496.82,498.3 1 1
digital.vasic.translator/pkg/distributed/version_manager.go:500.2,500.18 1 1
digital.vasic.translator/pkg/distributed/version_manager.go:504.28,505.83 1 1
digital.vasic.translator/pkg/distributed/version_manager.go:505.83,507.3 1 1
digital.vasic.translator/pkg/distributed/version_manager.go:508.2,508.46 1 0
digital.vasic.translator/pkg/distributed/version_manager.go:512.28,513.71 1 1
digital.vasic.translator/pkg/distributed/version_manager.go:513.71,515.3 1 1
digital.vasic.translator/pkg/distributed/version_manager.go:516.2,516.18 1 0
digital.vasic.translator/pkg/distributed/version_manager.go:520.28,521.61 1 1
digital.vasic.translator/pkg/distributed/version_manager.go:521.61,523.22 2 1
digital.vasic.translator/pkg/distributed/version_manager.go:523.22,525.4 1 1
digital.vasic.translator/pkg/distributed/version_manager.go:527.2,527.18 1 0
digital.vasic.translator/pkg/distributed/version_manager.go:531.55,533.16 2 1
digital.vasic.translator/pkg/distributed/version_manager.go:533.16,535.3 1 1
digital.vasic.translator/pkg/distributed/version_manager.go:536.2,536.26 1 1
digital.vasic.translator/pkg/distributed/version_manager.go:540.62,543.16 3 1
digital.vasic.translator/pkg/distributed/version_manager.go:543.16,545.3 1 1
digital.vasic.translator/pkg/distributed/version_manager.go:546.2,546.28 1 1
digital.vasic.translator/pkg/distributed/version_manager.go:550.54,552.2 1 1
digital.vasic.translator/pkg/distributed/version_manager.go:555.105,557.110 1 1
digital.vasic.translator/pkg/distributed/version_manager.go:557.110,578.3 5 1
digital.vasic.translator/pkg/distributed/version_manager.go:581.2,582.22 2 1
digital.vasic.translator/pkg/distributed/version_manager.go:582.22,584.3 1 1
digital.vasic.translator/pkg/distributed/version_manager.go:584.8,586.3 1 1
digital.vasic.translator/pkg/distributed/version_manager.go:588.2,589.16 2 1
digital.vasic.translator/pkg/distributed/version_manager.go:589.16,591.3 1 1
digital.vasic.translator/pkg/distributed/version_manager.go:593.2,594.16 2 1
digital.vasic.translator/pkg/distributed/version_manager.go:594.16,596.3 1 1
digital.vasic.translator/pkg/distributed/version_manager.go:597.2,599.38 2 1
digital.vasic.translator/pkg/distributed/version_manager.go:599.38,601.3 1 0
digital.vasic.translator/pkg/distributed/version_manager.go:603.2,604.74 2 1
digital.vasic.translator/pkg/distributed/version_manager.go:604.74,606.3 1 1
digital.vasic.translator/pkg/distributed/version_manager.go:609.2,622.16 4 1
digital.vasic.translator/pkg/distributed/version_manager.go:622.17,624.3 0 1
digital.vasic.translator/pkg/distributed/version_manager.go:624.9,626.3 0 1
digital.vasic.translator/pkg/distributed/version_manager.go:629.2,643.24 3 1
digital.vasic.translator/pkg/distributed/version_manager.go:647.75,649.53 1 1
digital.vasic.translator/pkg/distributed/version_manager.go:649.53,651.3 1 1
digital.vasic.translator/pkg/distributed/version_manager.go:654.2,655.47 2 1
digital.vasic.translator/pkg/distributed/version_manager.go:655.47,656.66 1 1
digital.vasic.translator/pkg/distributed/version_manager.go:656.66,658.4 1 0
digital.vasic.translator/pkg/distributed/version_manager.go:661.2,661.13 1 1
digital.vasic.translator/pkg/distributed/version_manager.go:665.91,667.2 1 0
digital.vasic.translator/pkg/distributed/version_manager.go:670.148,689.16 5 1
digital.vasic.translator/pkg/distributed/version_manager.go:689.16,692.3 2 0
digital.vasic.translator/pkg/distributed/version_manager.go:693.2,699.26 4 1
digital.vasic.translator/pkg/distributed/version_manager.go:699.26,701.17 2 1
digital.vasic.translator/pkg/distributed/version_manager.go:701.17,704.4 2 1
digital.vasic.translator/pkg/distributed/version_manager.go:705.3,706.39 2 0
digital.vasic.translator/pkg/distributed/version_manager.go:707.8,709.17 2 0
digital.vasic.translator/pkg/distributed/version_manager.go:709.17,712.4 2 0
digital.vasic.translator/pkg/distributed/version_manager.go:713.3,713.39 1 0
digital.vasic.translator/pkg/distributed/version_manager.go:717.2,717.76 1 0
digital.vasic.translator/pkg/distributed/version_manager.go:717.76,720.3 2 0
digital.vasic.translator/pkg/distributed/version_manager.go:723.2,723.26 1 0
digital.vasic.translator/pkg/distributed/version_manager.go:723.26,724.78 1 0
digital.vasic.translator/pkg/distributed/version_manager.go:724.78,727.4 2 0
digital.vasic.translator/pkg/distributed/version_manager.go:731.2,731.61 1 0
digital.vasic.translator/pkg/distributed/version_manager.go:731.61,734.3 2 0
digital.vasic.translator/pkg/distributed/version_manager.go:737.2,737.65 1 0
digital.vasic.translator/pkg/distributed/version_manager.go:737.65,740.3 2 0
digital.vasic.translator/pkg/distributed/version_manager.go:743.2,743.83 1 0
digital.vasic.translator/pkg/distributed/version_manager.go:743.83,746.3 2 0
digital.vasic.translator/pkg/distributed/version_manager.go:748.2,766.12 5 0
digital.vasic.translator/pkg/distributed/version_manager.go:770.65,772.56 1 1
digital.vasic.translator/pkg/distributed/version_manager.go:772.56,774.3 1 0
digital.vasic.translator/pkg/distributed/version_manager.go:777.2,787.34 5 1
digital.vasic.translator/pkg/distributed/version_manager.go:787.34,789.3 1 0
digital.vasic.translator/pkg/distributed/version_manager.go:791.2,791.25 1 1
digital.vasic.translator/pkg/distributed/version_manager.go:795.118,797.22 2 1
digital.vasic.translator/pkg/distributed/version_manager.go:797.22,799.3 1 1
digital.vasic.translator/pkg/distributed/version_manager.go:799.8,801.3 1 0
digital.vasic.translator/pkg/distributed/version_manager.go:803.2,804.16 2 1
digital.vasic.translator/pkg/distributed/version_manager.go:804.16,806.3 1 0
digital.vasic.translator/pkg/distributed/version_manager.go:807.2,810.16 3 1
digital.vasic.translator/pkg/distributed/version_manager.go:810.16,812.3 1 0
digital.vasic.translator/pkg/distributed/version_manager.go:814.2,818.16 4 1
digital.vasic.translator/pkg/distributed/version_manager.go:818.16,820.3 1 0
digital.vasic.translator/pkg/distributed/version_manager.go:821.2,823.38 2 1
digital.vasic.translator/pkg/distributed/version_manager.go:823.38,826.3 2 1
digital.vasic.translator/pkg/distributed/version_manager.go:828.2,828.12 1 1
digital.vasic.translator/pkg/distributed/version_manager.go:832.98,834.22 2 1
digital.vasic.translator/pkg/distributed/version_manager.go:834.22,836.3 1 1
digital.vasic.translator/pkg/distributed/version_manager.go:836.8,838.3 1 0
digital.vasic.translator/pkg/distributed/version_manager.go:840.2,841.16 2 1
digital.vasic.translator/pkg/distributed/version_manager.go:841.16,843.3 1 0
digital.vasic.translator/pkg/distributed/version_manager.go:845.2,848.16 3 1
digital.vasic.translator/pkg/distributed/version_manager.go:848.16,850.3 1 0
digital.vasic.translator/pkg/distributed/version_manager.go:851.2,853.38 2 1
digital.vasic.translator/pkg/distributed/version_manager.go:853.38,856.3 2 1
digital.vasic.translator/pkg/distributed/version_manager.go:858.2,858.12 1 1
digital.vasic.translator/pkg/distributed/version_manager.go:862.102,867.6 4 0
digital.vasic.translator/pkg/distributed/version_manager.go:867.6,868.10 1 0
digital.vasic.translator/pkg/distributed/version_manager.go:869.21,870.20 1 0
digital.vasic.translator/pkg/distributed/version_manager.go:871.18,872.39 1 0
digital.vasic.translator/pkg/distributed/version_manager.go:873.19,875.84 1 0
digital.vasic.translator/pkg/distributed/version_manager.go:875.84,877.5 1 0
digital.vasic.translator/pkg/distributed/version_manager.go:883.100,886.16 2 1
digital.vasic.translator/pkg/distributed/version_manager.go:886.16,888.3 1 0
digital.vasic.translator/pkg/distributed/version_manager.go:890.2,890.15 1 1
digital.vasic.translator/pkg/distributed/version_manager.go:890.15,893.3 1 1
digital.vasic.translator/pkg/distributed/version_manager.go:896.2,897.22 2 1
digital.vasic.translator/pkg/distributed/version_manager.go:897.22,899.3 1 1
digital.vasic.translator/pkg/distributed/version_manager.go:899.8,901.3 1 0
digital.vasic.translator/pkg/distributed/version_manager.go:902.2,903.16 2 1
digital.vasic.translator/pkg/distributed/version_manager.go:903.16,905.3 1 0
digital.vasic.translator/pkg/distributed/version_manager.go:907.2,908.16 2 1
digital.vasic.translator/pkg/distributed/version_manager.go:908.16,910.3 1 0
digital.vasic.translator/pkg/distributed/version_manager.go:911.2,913.38 2 1
digital.vasic.translator/pkg/distributed/version_manager.go:913.38,915.3 1 1
digital.vasic.translator/pkg/distributed/version_manager.go:917.2,917.12 1 1
digital.vasic.translator/pkg/distributed/version_manager.go:921.114,923.56 1 1
digital.vasic.translator/pkg/distributed/version_manager.go:923.56,925.3 1 0
digital.vasic.translator/pkg/distributed/version_manager.go:927.2,931.54 3 1
digital.vasic.translator/pkg/distributed/version_manager.go:931.54,933.3 1 0
digital.vasic.translator/pkg/distributed/version_manager.go:935.2,960.20 5 1
digital.vasic.translator/pkg/distributed/version_manager.go:964.99,966.13 2 1
digital.vasic.translator/pkg/distributed/version_manager.go:966.13,968.3 1 1
digital.vasic.translator/pkg/distributed/version_manager.go:970.2,970.31 1 1
digital.vasic.translator/pkg/distributed/version_manager.go:970.31,972.3 1 1
digital.vasic.translator/pkg/distributed/version_manager.go:975.2,990.22 4 1
digital.vasic.translator/pkg/distributed/version_manager.go:990.22,992.3 1 1
digital.vasic.translator/pkg/distributed/version_manager.go:992.8,994.3 1 1
digital.vasic.translator/pkg/distributed/version_manager.go:996.2,997.16 2 1
digital.vasic.translator/pkg/distributed/version_manager.go:997.16,999.3 1 1
digital.vasic.translator/pkg/distributed/version_manager.go:1001.2,1004.16 3 1
digital.vasic.translator/pkg/distributed/version_manager.go:1004.16,1006.3 1 1
digital.vasic.translator/pkg/distributed/version_manager.go:1007.2,1009.38 2 1
digital.vasic.translator/pkg/distributed/version_manager.go:1009.38,1012.3 2 1
digital.vasic.translator/pkg/distributed/version_manager.go:1015.2,1015.75 1 1
digital.vasic.translator/pkg/distributed/version_manager.go:1015.75,1017.3 1 1
digital.vasic.translator/pkg/distributed/version_manager.go:1020.2,1039.12 6 0
digital.vasic.translator/pkg/distributed/version_manager.go:1043.126,1048.6 4 1
digital.vasic.translator/pkg/distributed/version_manager.go:1048.6,1049.10 1 1
digital.vasic.translator/pkg/distributed/version_manager.go:1050.21,1051.20 1 0
digital.vasic.translator/pkg/distributed/version_manager.go:1052.18,1053.41 1 1
digital.vasic.translator/pkg/distributed/version_manager.go:1054.19,1056.65 1 1
digital.vasic.translator/pkg/distributed/version_manager.go:1056.65,1057.82 1 0
digital.vasic.translator/pkg/distributed/version_manager.go:1057.82,1059.6 1 0
digital.vasic.translator/pkg/distributed/version_manager.go:1066.57,1070.43 2 0
digital.vasic.translator/pkg/distributed/version_manager.go:1070.43,1071.67 1 0
digital.vasic.translator/pkg/distributed/version_manager.go:1071.67,1072.58 1 0
digital.vasic.translator/pkg/distributed/version_manager.go:1072.58,1075.5 1 0
digital.vasic.translator/pkg/distributed/version_manager.go:1076.4,1076.32 1 0
digital.vasic.translator/pkg/distributed/version_manager.go:1080.2,1080.12 1 0
digital.vasic.translator/pkg/distributed/version_manager.go:1084.57,1086.2 1 1
digital.vasic.translator/pkg/distributed/version_manager.go:1089.101,1107.36 2 1
digital.vasic.translator/pkg/distributed/version_manager.go:1107.36,1109.10 1 1
digital.vasic.translator/pkg/distributed/version_manager.go:1110.38,1110.38 0 1
digital.vasic.translator/pkg/distributed/version_manager.go:1112.21,1113.69 1 1
digital.vasic.translator/pkg/distributed/version_manager.go:1120.2,1120.12 1 1
digital.vasic.translator/pkg/distributed/version_manager.go:1124.56,1126.2 1 1
digital.vasic.translator/pkg/distributed/version_manager.go:1129.53,1131.2 1 1
digital.vasic.translator/pkg/distributed/version_manager.go:1134.65,1136.2 1 1
digital.vasic.translator/pkg/distributed/version_manager.go:1139.133,1140.25 1 1
digital.vasic.translator/pkg/distributed/version_manager.go:1140.25,1142.3 1 1
digital.vasic.translator/pkg/distributed/version_manager.go:1144.2,1157.35 5 1
digital.vasic.translator/pkg/distributed/version_manager.go:1157.35,1159.31 2 1
digital.vasic.translator/pkg/distributed/version_manager.go:1159.31,1164.17 3 1
digital.vasic.translator/pkg/distributed/version_manager.go:1164.17,1164.32 1 1
digital.vasic.translator/pkg/distributed/version_manager.go:1167.4,1168.18 2 1
digital.vasic.translator/pkg/distributed/version_manager.go:1168.18,1176.5 4 1
digital.vasic.translator/pkg/distributed/version_manager.go:1178.4,1178.16 1 0
digital.vasic.translator/pkg/distributed/version_manager.go:1178.16,1183.5 4 0
digital.vasic.translator/pkg/distributed/version_manager.go:1186.4,1186.52 1 0
digital.vasic.translator/pkg/distributed/version_manager.go:1186.52,1194.5 4 0
digital.vasic.translator/pkg/distributed/version_manager.go:1197.4,1199.15 3 0
digital.vasic.translator/pkg/distributed/version_manager.go:1203.2,1207.15 4 1
digital.vasic.translator/pkg/distributed/version_manager.go:1228.54,1229.25 1 1
digital.vasic.translator/pkg/distributed/version_manager.go:1229.25,1231.3 1 1
digital.vasic.translator/pkg/distributed/version_manager.go:1232.2,1232.69 1 1
digital.vasic.translator/pkg/distributed/version_manager.go:1236.49,1239.2 1 1
digital.vasic.translator/pkg/distributed/version_manager.go:1242.40,1244.2 1 1
digital.vasic.translator/pkg/distributed/version_manager.go:1247.58,1248.13 1 1
digital.vasic.translator/pkg/distributed/version_manager.go:1248.13,1250.3 1 1
digital.vasic.translator/pkg/distributed/version_manager.go:1254.66,1260.40 5 1
digital.vasic.translator/pkg/distributed/version_manager.go:1260.40,1261.43 1 0
digital.vasic.translator/pkg/distributed/version_manager.go:1261.43,1263.4 1 0
digital.vasic.translator/pkg/distributed/version_manager.go:1263.9,1265.4 1 0
digital.vasic.translator/pkg/distributed/version_manager.go:1268.2,1274.3 1 1
digital.vasic.translator/pkg/distributed/version_manager.go:1278.68,1280.2 1 1
digital.vasic.translator/pkg/distributed/version_manager.go:1283.81,1285.2 1 1
digital.vasic.translator/pkg/distributed/version_manager.go:1288.107,1299.35 8 1
digital.vasic.translator/pkg/distributed/version_manager.go:1299.35,1302.17 2 1
digital.vasic.translator/pkg/distributed/version_manager.go:1302.17,1314.12 4 1
digital.vasic.translator/pkg/distributed/version_manager.go:1317.3,1317.17 1 0
digital.vasic.translator/pkg/distributed/version_manager.go:1317.17,1319.4 1 0
digital.vasic.translator/pkg/distributed/version_manager.go:1319.9,1324.51 3 0
digital.vasic.translator/pkg/distributed/version_manager.go:1324.51,1326.5 1 0
digital.vasic.translator/pkg/distributed/version_manager.go:1329.4,1345.59 4 0
digital.vasic.translator/pkg/distributed/version_manager.go:1345.59,1348.5 1 0
digital.vasic.translator/pkg/distributed/version_manager.go:1353.2,1375.15 7 1
digital.vasic.translator/pkg/distributed/version_manager.go:1379.86,1380.9 1 1
digital.vasic.translator/pkg/distributed/version_manager.go:1381.36,1382.20 1 1
digital.vasic.translator/pkg/distributed/version_manager.go:1383.36,1384.16 1 1
digital.vasic.translator/pkg/distributed/version_manager.go:1385.35,1386.18 1 1
digital.vasic.translator/pkg/distributed/version_manager.go:1387.10,1388.15 1 1
digital.vasic.translator/pkg/distributed/version_manager.go:1393.85,1397.13 3 1
digital.vasic.translator/pkg/distributed/version_manager.go:1397.13,1399.3 1 1
digital.vasic.translator/pkg/distributed/version_manager.go:1399.8,1401.3 1 1
digital.vasic.translator/pkg/distributed/version_manager.go:1404.2,1404.36 1 1
digital.vasic.translator/pkg/distributed/version_manager.go:1404.36,1406.3 1 1
digital.vasic.translator/pkg/distributed/version_manager.go:1406.8,1409.3 1 1
digital.vasic.translator/pkg/distributed/version_manager.go:1413.87,1417.13 3 1
digital.vasic.translator/pkg/distributed/version_manager.go:1417.13,1419.3 1 1
digital.vasic.translator/pkg/distributed/version_manager.go:1419.8,1421.3 1 0
digital.vasic.translator/pkg/distributed/version_manager.go:1424.2,1424.38 1 1
digital.vasic.translator/pkg/distributed/version_manager.go:1424.38,1426.3 1 1
digital.vasic.translator/pkg/distributed/version_manager.go:1426.8,1428.3 1 0
digital.vasic.translator/pkg/distributed/version_manager.go:1432.64,1435.13 2 1
digital.vasic.translator/pkg/distributed/version_manager.go:1435.13,1437.3 1 1
digital.vasic.translator/pkg/distributed/version_manager.go:1437.8,1439.3 1 1
digital.vasic.translator/pkg/distributed/version_manager.go:1443.49,1448.36 3 0
digital.vasic.translator/pkg/distributed/version_manager.go:1448.36,1449.32 1 0
digital.vasic.translator/pkg/distributed/version_manager.go:1449.32,1451.4 1 0
digital.vasic.translator/pkg/distributed/version_manager.go:1453.2,1453.40 1 0
digital.vasic.translator/pkg/distributed/version_manager.go:1457.68,1465.35 4 1
digital.vasic.translator/pkg/distributed/version_manager.go:1465.35,1468.3 2 0
digital.vasic.translator/pkg/distributed/version_manager.go:1471.2,1471.35 1 1
digital.vasic.translator/pkg/distributed/version_manager.go:1471.35,1474.3 2 0
digital.vasic.translator/pkg/distributed/version_manager.go:1477.2,1477.31 1 1
digital.vasic.translator/pkg/distributed/version_manager.go:1477.31,1479.22 2 1
digital.vasic.translator/pkg/distributed/version_manager.go:1479.22,1481.4 1 1
digital.vasic.translator/pkg/distributed/version_manager.go:1482.3,1482.28 1 1
digital.vasic.translator/pkg/distributed/version_manager.go:1486.2,1486.33 1 1
digital.vasic.translator/pkg/distributed/version_manager.go:1486.33,1489.3 2 0
digital.vasic.translator/pkg/distributed/version_manager.go:1491.2,1491.21 1 1
digital.vasic.translator/pkg/distributed/version_manager.go:1491.21,1493.3 1 0
digital.vasic.translator/pkg/distributed/version_manager.go:1495.2,1496.22 2 1
digital.vasic.translator/pkg/distributed/version_manager.go:1496.22,1498.3 1 0
digital.vasic.translator/pkg/distributed/version_manager.go:1499.2,1499.22 1 1
digital.vasic.translator/pkg/distributed/version_manager.go:1499.22,1501.3 1 0
digital.vasic.translator/pkg/distributed/version_manager.go:1503.2,1515.3 1 1
digital.vasic.translator/pkg/distributed/version_manager.go:1519.80,1520.16 1 1
digital.vasic.translator/pkg/distributed/version_manager.go:1520.16,1522.3 1 1
digital.vasic.translator/pkg/distributed/version_manager.go:1523.2,1523.52 1 0
digital.vasic.translator/pkg/distributed/version_manager.go:1527.97,1530.16 2 1
digital.vasic.translator/pkg/distributed/version_manager.go:1530.16,1532.3 1 1
digital.vasic.translator/pkg/distributed/version_manager.go:1535.2,1536.18 2 1
digital.vasic.translator/pkg/distributed/version_manager.go:1536.18,1538.3 1 1
digital.vasic.translator/pkg/distributed/version_manager.go:1540.2,1541.16 2 1
digital.vasic.translator/pkg/distributed/version_manager.go:1541.16,1543.3 1 0
digital.vasic.translator/pkg/distributed/version_manager.go:1546.2,1547.16 2 1
digital.vasic.translator/pkg/distributed/version_manager.go:1547.16,1549.3 1 0
digital.vasic.translator/pkg/distributed/version_manager.go:1552.2,1556.16 3 1
digital.vasic.translator/pkg/distributed/version_manager.go:1556.16,1558.3 1 0
digital.vasic.translator/pkg/distributed/version_manager.go:1561.2,1564.63 2 1
digital.vasic.translator/pkg/distributed/version_manager.go:1564.63,1566.3 1 0
digital.vasic.translator/pkg/distributed/version_manager.go:1568.2,1568.21 1 1
digital.vasic.translator/pkg/distributed/version_manager.go:1572.103,1575.16 2 1
digital.vasic.translator/pkg/distributed/version_manager.go:1575.16,1577.3 1 1
digital.vasic.translator/pkg/distributed/version_manager.go:1580.2,1581.18 2 1
digital.vasic.translator/pkg/distributed/version_manager.go:1581.18,1583.3 1 0
digital.vasic.translator/pkg/distributed/version_manager.go:1585.2,1586.16 2 1
digital.vasic.translator/pkg/distributed/version_manager.go:1586.16,1588.3 1 0
digital.vasic.translator/pkg/distributed/version_manager.go:1591.2,1592.16 2 1
digital.vasic.translator/pkg/distributed/version_manager.go:1592.16,1594.3 1 0
digital.vasic.translator/pkg/distributed/version_manager.go:1597.2,1598.16 2 1
digital.vasic.translator/pkg/distributed/version_manager.go:1598.16,1600.3 1 0
digital.vasic.translator/pkg/distributed/version_manager.go:1603.2,1607.16 3 1
digital.vasic.translator/pkg/distributed/version_manager.go:1607.16,1609.3 1 1
digital.vasic.translator/pkg/distributed/version_manager.go:1611.2,1611.12 1 1
digital.vasic.translator/pkg/distributed/version_manager.go:1615.112,1617.50 1 1
digital.vasic.translator/pkg/distributed/version_manager.go:1617.50,1619.3 1 1
digital.vasic.translator/pkg/distributed/version_manager.go:1622.2,1623.16 2 1
digital.vasic.translator/pkg/distributed/version_manager.go:1623.16,1625.3 1 0
digital.vasic.translator/pkg/distributed/version_manager.go:1628.2,1635.16 4 1
digital.vasic.translator/pkg/distributed/version_manager.go:1635.16,1637.3 1 0
digital.vasic.translator/pkg/distributed/version_manager.go:1638.2,1640.63 2 1
digital.vasic.translator/pkg/distributed/version_manager.go:1640.63,1642.3 1 0
digital.vasic.translator/pkg/distributed/version_manager.go:1645.2,1652.16 4 1
digital.vasic.translator/pkg/distributed/version_manager.go:1652.16,1654.3 1 0
digital.vasic.translator/pkg/distributed/version_manager.go:1655.2,1657.61 2 1
digital.vasic.translator/pkg/distributed/version_manager.go:1657.61,1659.3 1 0
digital.vasic.translator/pkg/distributed/version_manager.go:1661.2,1661.43 1 1
digital.vasic.translator/pkg/distributed/version_manager.go:1665.106,1668.16 2 1
digital.vasic.translator/pkg/distributed/version_manager.go:1668.16,1670.3 1 0
digital.vasic.translator/pkg/distributed/version_manager.go:1673.2,1674.16 2 1
digital.vasic.translator/pkg/distributed/version_manager.go:1674.16,1677.3 2 1
digital.vasic.translator/pkg/distributed/version_manager.go:1680.2,1690.27 3 1
digital.vasic.translator/pkg/distributed/version_manager.go:1694.135,1696.102 1 0
digital.vasic.translator/pkg/distributed/version_manager.go:1696.102,1698.3 1 0
digital.vasic.translator/pkg/distributed/version_manager.go:1701.2,1701.103 1 0
digital.vasic.translator/pkg/distributed/version_manager.go:1701.103,1703.3 1 0
digital.vasic.translator/pkg/distributed/version_manager.go:1705.2,1705.12 1 0
digital.vasic.translator/pkg/distributed/version_manager.go:1709.124,1711.22 2 0
digital.vasic.translator/pkg/distributed/version_manager.go:1711.22,1713.3 1 0
digital.vasic.translator/pkg/distributed/version_manager.go:1713.8,1715.3 1 0
digital.vasic.translator/pkg/distributed/version_manager.go:1717.2,1718.16 2 0
digital.vasic.translator/pkg/distributed/version_manager.go:1718.16,1720.3 1 0
digital.vasic.translator/pkg/distributed/version_manager.go:1721.2,1724.16 3 0
digital.vasic.translator/pkg/distributed/version_manager.go:1724.16,1726.3 1 0
digital.vasic.translator/pkg/distributed/version_manager.go:1728.2,1733.16 5 0
digital.vasic.translator/pkg/distributed/version_manager.go:1733.16,1735.3 1 0
digital.vasic.translator/pkg/distributed/version_manager.go:1736.2,1738.38 2 0
digital.vasic.translator/pkg/distributed/version_manager.go:1738.38,1741.3 2 0
digital.vasic.translator/pkg/distributed/version_manager.go:1743.2,1743.12 1 0
